[2025-10-25T19:48:55.517Z] 
========================================
[2025-10-25T19:48:55.521Z] 🎮 Reverse Ranking Game Server
[2025-10-25T19:48:55.521Z] ========================================

[2025-10-25T19:48:55.521Z] Server is running on:

[2025-10-25T19:48:55.521Z]   Local:   http://localhost:3000
[2025-10-25T19:48:55.522Z]            http://127.0.0.1:3000

[2025-10-25T19:48:55.522Z]   Network: (for other devices on your network)

[2025-10-25T19:48:55.522Z]            http://172.22.0.2:3000
[2025-10-25T19:48:55.522Z] 

[2025-10-25T19:48:55.523Z] ========================================
[2025-10-25T19:48:55.523Z] 📱 Mobile & Tablet friendly!
[2025-10-25T19:48:55.523Z] 🌐 Share the Network URL with others
[2025-10-25T19:48:55.523Z] ❌ Press Ctrl+C to stop the server
[2025-10-25T19:48:55.523Z] ========================================

[2025-10-25T20:52:39.018Z] Cleared active lobbies on startup
[2025-10-25T20:52:39.028Z] 
========================================
[2025-10-25T20:52:39.028Z] 🎮 Reverse Ranking Game Server
[2025-10-25T20:52:39.028Z] ========================================

[2025-10-25T20:52:39.028Z] Server is running on:

[2025-10-25T20:52:39.028Z]   Local:   http://localhost:3000
[2025-10-25T20:52:39.028Z]            http://127.0.0.1:3000

[2025-10-25T20:52:39.029Z]   Network: (for other devices on your network)

[2025-10-25T20:52:39.029Z]            http://172.22.0.2:3000
[2025-10-25T20:52:39.029Z] 

[2025-10-25T20:52:39.029Z] ========================================
[2025-10-25T20:52:39.029Z] 📱 Mobile & Tablet friendly!
[2025-10-25T20:52:39.029Z] 🌐 Share the Network URL with others
[2025-10-25T20:52:39.029Z] ❌ Press Ctrl+C to stop the server
[2025-10-25T20:52:39.029Z] ========================================

[2025-10-25T21:18:01.613Z] Cleared active lobbies on startup
[2025-10-25T21:18:01.623Z] 
========================================
[2025-10-25T21:18:01.623Z] 🎮 Reverse Ranking Game Server
[2025-10-25T21:18:01.623Z] ========================================

[2025-10-25T21:18:01.623Z] Server is running on:

[2025-10-25T21:18:01.623Z]   Local:   http://localhost:3000
[2025-10-25T21:18:01.624Z]            http://127.0.0.1:3000

[2025-10-25T21:18:01.624Z]   Network: (for other devices on your network)

[2025-10-25T21:18:01.624Z]            http://172.22.0.2:3000
[2025-10-25T21:18:01.624Z] 

[2025-10-25T21:18:01.625Z] ========================================
[2025-10-25T21:18:01.625Z] 📱 Mobile & Tablet friendly!
[2025-10-25T21:18:01.625Z] 🌐 Share the Network URL with others
[2025-10-25T21:18:01.625Z] ❌ Press Ctrl+C to stop the server
[2025-10-25T21:18:01.625Z] ========================================

[2025-10-25T21:24:47.715Z] Cleared active lobbies on startup
[2025-10-25T21:24:47.725Z] 
========================================
[2025-10-25T21:24:47.725Z] 🎮 Reverse Ranking Game Server
[2025-10-25T21:24:47.725Z] ========================================

[2025-10-25T21:24:47.725Z] Server is running on:

[2025-10-25T21:24:47.725Z]   Local:   http://localhost:3000
[2025-10-25T21:24:47.725Z]            http://127.0.0.1:3000

[2025-10-25T21:24:47.726Z]   Network: (for other devices on your network)

[2025-10-25T21:24:47.726Z]            http://172.22.0.2:3000
[2025-10-25T21:24:47.726Z] 

[2025-10-25T21:24:47.726Z] ========================================
[2025-10-25T21:24:47.726Z] 📱 Mobile & Tablet friendly!
[2025-10-25T21:24:47.727Z] 🌐 Share the Network URL with others
[2025-10-25T21:24:47.727Z] ❌ Press Ctrl+C to stop the server
[2025-10-25T21:24:47.727Z] ========================================

[2025-10-25T21:27:52.388Z] Cleared active lobbies on startup
[2025-10-25T21:27:52.398Z] 
========================================
[2025-10-25T21:27:52.399Z] 🎮 Reverse Ranking Game Server
[2025-10-25T21:27:52.399Z] ========================================

[2025-10-25T21:27:52.399Z] Server is running on:

[2025-10-25T21:27:52.399Z]   Local:   http://localhost:3000
[2025-10-25T21:27:52.399Z]            http://127.0.0.1:3000

[2025-10-25T21:27:52.399Z]   Network: (for other devices on your network)

[2025-10-25T21:27:52.399Z]            http://172.22.0.2:3000
[2025-10-25T21:27:52.400Z] 

[2025-10-25T21:27:52.400Z] ========================================
[2025-10-25T21:27:52.400Z] 📱 Mobile & Tablet friendly!
[2025-10-25T21:27:52.400Z] 🌐 Share the Network URL with others
[2025-10-25T21:27:52.400Z] ❌ Press Ctrl+C to stop the server
[2025-10-25T21:27:52.400Z] ========================================

[2025-10-25T21:28:47.987Z] Cleared active lobbies on startup
[2025-10-25T21:28:47.998Z] 
========================================
[2025-10-25T21:28:47.998Z] 🎮 Reverse Ranking Game Server
[2025-10-25T21:28:47.998Z] ========================================

[2025-10-25T21:28:47.998Z] Server is running on:

[2025-10-25T21:28:47.998Z]   Local:   http://localhost:3000
[2025-10-25T21:28:47.998Z]            http://127.0.0.1:3000

[2025-10-25T21:28:47.998Z]   Network: (for other devices on your network)

[2025-10-25T21:28:47.999Z]            http://172.22.0.2:3000
[2025-10-25T21:28:47.999Z] 

[2025-10-25T21:28:47.999Z] ========================================
[2025-10-25T21:28:47.999Z] 📱 Mobile & Tablet friendly!
[2025-10-25T21:28:47.999Z] 🌐 Share the Network URL with others
[2025-10-25T21:28:47.999Z] ❌ Press Ctrl+C to stop the server
[2025-10-25T21:28:47.999Z] ========================================

[2025-10-25T21:32:16.197Z] Cleared active lobbies on startup
[2025-10-25T21:32:16.207Z] 
========================================
[2025-10-25T21:32:16.207Z] 🎮 Reverse Ranking Game Server
[2025-10-25T21:32:16.207Z] ========================================

[2025-10-25T21:32:16.207Z] Server is running on:

[2025-10-25T21:32:16.207Z]   Local:   http://localhost:3000
[2025-10-25T21:32:16.207Z]            http://127.0.0.1:3000

[2025-10-25T21:32:16.208Z]   Network: (for other devices on your network)

[2025-10-25T21:32:16.208Z]            http://172.22.0.2:3000
[2025-10-25T21:32:16.208Z] 

[2025-10-25T21:32:16.208Z] ========================================
[2025-10-25T21:32:16.208Z] 📱 Mobile & Tablet friendly!
[2025-10-25T21:32:16.208Z] 🌐 Share the Network URL with others
[2025-10-25T21:32:16.208Z] ❌ Press Ctrl+C to stop the server
[2025-10-25T21:32:16.208Z] ========================================

[2025-10-25T21:37:45.845Z] Cleared active lobbies on startup
[2025-10-25T21:37:45.855Z] 
========================================
[2025-10-25T21:37:45.855Z] 🎮 Reverse Ranking Game Server
[2025-10-25T21:37:45.855Z] ========================================

[2025-10-25T21:37:45.855Z] Server is running on:

[2025-10-25T21:37:45.855Z]   Local:   http://localhost:3000
[2025-10-25T21:37:45.855Z]            http://127.0.0.1:3000

[2025-10-25T21:37:45.856Z]   Network: (for other devices on your network)

[2025-10-25T21:37:45.856Z]            http://172.22.0.2:3000
[2025-10-25T21:37:45.856Z] 

[2025-10-25T21:37:45.856Z] ========================================
[2025-10-25T21:37:45.856Z] 📱 Mobile & Tablet friendly!
[2025-10-25T21:37:45.856Z] 🌐 Share the Network URL with others
[2025-10-25T21:37:45.856Z] ❌ Press Ctrl+C to stop the server
[2025-10-25T21:37:45.856Z] ========================================

[2025-10-25T21:42:01.568Z] Cleared active lobbies on startup
[2025-10-25T21:42:01.578Z] 
========================================
[2025-10-25T21:42:01.578Z] 🎮 Reverse Ranking Game Server
[2025-10-25T21:42:01.578Z] ========================================

[2025-10-25T21:42:01.578Z] Server is running on:

[2025-10-25T21:42:01.578Z]   Local:   http://localhost:3000
[2025-10-25T21:42:01.578Z]            http://127.0.0.1:3000

[2025-10-25T21:42:01.579Z]   Network: (for other devices on your network)

[2025-10-25T21:42:01.579Z]            http://172.22.0.2:3000
[2025-10-25T21:42:01.579Z] 

[2025-10-25T21:42:01.579Z] ========================================
[2025-10-25T21:42:01.580Z] 📱 Mobile & Tablet friendly!
[2025-10-25T21:42:01.580Z] 🌐 Share the Network URL with others
[2025-10-25T21:42:01.580Z] ❌ Press Ctrl+C to stop the server
[2025-10-25T21:42:01.580Z] ========================================

[2025-10-25T21:44:52.594Z] Cleared active lobbies on startup
[2025-10-25T21:44:52.604Z] 
========================================
[2025-10-25T21:44:52.605Z] 🎮 Reverse Ranking Game Server
[2025-10-25T21:44:52.605Z] ========================================

[2025-10-25T21:44:52.605Z] Server is running on:

[2025-10-25T21:44:52.605Z]   Local:   http://localhost:3000
[2025-10-25T21:44:52.605Z]            http://127.0.0.1:3000

[2025-10-25T21:44:52.605Z]   Network: (for other devices on your network)

[2025-10-25T21:44:52.605Z]            http://172.22.0.2:3000
[2025-10-25T21:44:52.606Z] 

[2025-10-25T21:44:52.606Z] ========================================
[2025-10-25T21:44:52.606Z] 📱 Mobile & Tablet friendly!
[2025-10-25T21:44:52.606Z] 🌐 Share the Network URL with others
[2025-10-25T21:44:52.606Z] ❌ Press Ctrl+C to stop the server
[2025-10-25T21:44:52.606Z] ========================================

[2025-10-25T21:45:36.805Z] Cleared active lobbies on startup
[2025-10-25T21:45:36.815Z] 
========================================
[2025-10-25T21:45:36.815Z] 🎮 Reverse Ranking Game Server
[2025-10-25T21:45:36.815Z] ========================================

[2025-10-25T21:45:36.815Z] Server is running on:

[2025-10-25T21:45:36.815Z]   Local:   http://localhost:3000
[2025-10-25T21:45:36.815Z]            http://127.0.0.1:3000

[2025-10-25T21:45:36.816Z]   Network: (for other devices on your network)

[2025-10-25T21:45:36.816Z]            http://172.22.0.2:3000
[2025-10-25T21:45:36.816Z] 

[2025-10-25T21:45:36.816Z] ========================================
[2025-10-25T21:45:36.816Z] 📱 Mobile & Tablet friendly!
[2025-10-25T21:45:36.816Z] 🌐 Share the Network URL with others
[2025-10-25T21:45:36.816Z] ❌ Press Ctrl+C to stop the server
[2025-10-25T21:45:36.816Z] ========================================

[2025-10-25T21:47:30.005Z] Cleared active lobbies on startup
[2025-10-25T21:47:30.015Z] 
========================================
[2025-10-25T21:47:30.015Z] 🎮 Reverse Ranking Game Server
[2025-10-25T21:47:30.015Z] ========================================

[2025-10-25T21:47:30.015Z] Server is running on:

[2025-10-25T21:47:30.015Z]   Local:   http://localhost:3000
[2025-10-25T21:47:30.015Z]            http://127.0.0.1:3000

[2025-10-25T21:47:30.016Z]   Network: (for other devices on your network)

[2025-10-25T21:47:30.016Z]            http://172.22.0.2:3000
[2025-10-25T21:47:30.016Z] 

[2025-10-25T21:47:30.016Z] ========================================
[2025-10-25T21:47:30.016Z] 📱 Mobile & Tablet friendly!
[2025-10-25T21:47:30.016Z] 🌐 Share the Network URL with others
[2025-10-25T21:47:30.016Z] ❌ Press Ctrl+C to stop the server
[2025-10-25T21:47:30.016Z] ========================================

[2025-10-25T21:47:48.387Z] Cleared active lobbies on startup
[2025-10-25T21:47:48.400Z] 
========================================
[2025-10-25T21:47:48.400Z] 🎮 Reverse Ranking Game Server
[2025-10-25T21:47:48.400Z] ========================================

[2025-10-25T21:47:48.400Z] Server is running on:

[2025-10-25T21:47:48.400Z]   Local:   http://localhost:3000
[2025-10-25T21:47:48.400Z]            http://127.0.0.1:3000

[2025-10-25T21:47:48.401Z]   Network: (for other devices on your network)

[2025-10-25T21:47:48.401Z]            http://172.22.0.2:3000
[2025-10-25T21:47:48.402Z] 

[2025-10-25T21:47:48.402Z] ========================================
[2025-10-25T21:47:48.402Z] 📱 Mobile & Tablet friendly!
[2025-10-25T21:47:48.402Z] 🌐 Share the Network URL with others
[2025-10-25T21:47:48.402Z] ❌ Press Ctrl+C to stop the server
[2025-10-25T21:47:48.402Z] ========================================

[2025-10-25T21:48:34.346Z] Cleared active lobbies on startup
[2025-10-25T21:48:34.360Z] 
========================================
[2025-10-25T21:48:34.360Z] 🎮 Reverse Ranking Game Server
[2025-10-25T21:48:34.360Z] ========================================

[2025-10-25T21:48:34.360Z] Server is running on:

[2025-10-25T21:48:34.360Z]   Local:   http://localhost:3000
[2025-10-25T21:48:34.360Z]            http://127.0.0.1:3000

[2025-10-25T21:48:34.361Z]   Network: (for other devices on your network)

[2025-10-25T21:48:34.361Z]            http://172.22.0.2:3000
[2025-10-25T21:48:34.361Z] 

[2025-10-25T21:48:34.362Z] ========================================
[2025-10-25T21:48:34.362Z] 📱 Mobile & Tablet friendly!
[2025-10-25T21:48:34.362Z] 🌐 Share the Network URL with others
[2025-10-25T21:48:34.362Z] ❌ Press Ctrl+C to stop the server
[2025-10-25T21:48:34.362Z] ========================================

[2025-10-25T21:49:43.663Z] Cleared active lobbies on startup
[2025-10-25T21:49:43.674Z] 
========================================
[2025-10-25T21:49:43.674Z] 🎮 Reverse Ranking Game Server
[2025-10-25T21:49:43.674Z] ========================================

[2025-10-25T21:49:43.674Z] Server is running on:

[2025-10-25T21:49:43.674Z]   Local:   http://localhost:3000
[2025-10-25T21:49:43.674Z]            http://127.0.0.1:3000

[2025-10-25T21:49:43.674Z]   Network: (for other devices on your network)

[2025-10-25T21:49:43.675Z]            http://172.22.0.2:3000
[2025-10-25T21:49:43.675Z] 

[2025-10-25T21:49:43.675Z] ========================================
[2025-10-25T21:49:43.675Z] 📱 Mobile & Tablet friendly!
[2025-10-25T21:49:43.675Z] 🌐 Share the Network URL with others
[2025-10-25T21:49:43.675Z] ❌ Press Ctrl+C to stop the server
[2025-10-25T21:49:43.675Z] ========================================

[2025-10-25T21:53:03.167Z] Cleared active lobbies on startup
[2025-10-25T21:53:03.177Z] 
========================================
[2025-10-25T21:53:03.177Z] 🎮 Reverse Ranking Game Server
[2025-10-25T21:53:03.177Z] ========================================

[2025-10-25T21:53:03.177Z] Server is running on:

[2025-10-25T21:53:03.177Z]   Local:   http://localhost:3000
[2025-10-25T21:53:03.177Z]            http://127.0.0.1:3000

[2025-10-25T21:53:03.178Z]   Network: (for other devices on your network)

[2025-10-25T21:53:03.178Z]            http://172.22.0.2:3000
[2025-10-25T21:53:03.178Z] 

[2025-10-25T21:53:03.178Z] ========================================
[2025-10-25T21:53:03.178Z] 📱 Mobile & Tablet friendly!
[2025-10-25T21:53:03.178Z] 🌐 Share the Network URL with others
[2025-10-25T21:53:03.179Z] ❌ Press Ctrl+C to stop the server
[2025-10-25T21:53:03.179Z] ========================================

[2025-10-25T21:57:01.533Z] Cleared active lobbies on startup
[2025-10-25T21:57:01.543Z] 
========================================
[2025-10-25T21:57:01.543Z] 🎮 Reverse Ranking Game Server
[2025-10-25T21:57:01.543Z] ========================================

[2025-10-25T21:57:01.543Z] Server is running on:

[2025-10-25T21:57:01.543Z]   Local:   http://localhost:3000
[2025-10-25T21:57:01.543Z]            http://127.0.0.1:3000

[2025-10-25T21:57:01.544Z]   Network: (for other devices on your network)

[2025-10-25T21:57:01.544Z]            http://172.22.0.2:3000
[2025-10-25T21:57:01.544Z] 

[2025-10-25T21:57:01.544Z] ========================================
[2025-10-25T21:57:01.544Z] 📱 Mobile & Tablet friendly!
[2025-10-25T21:57:01.544Z] 🌐 Share the Network URL with others
[2025-10-25T21:57:01.544Z] ❌ Press Ctrl+C to stop the server
[2025-10-25T21:57:01.544Z] ========================================

[2025-10-25T21:58:34.675Z] Cleared active lobbies on startup
[2025-10-25T21:58:34.685Z] 
========================================
[2025-10-25T21:58:34.685Z] 🎮 Reverse Ranking Game Server
[2025-10-25T21:58:34.685Z] ========================================

[2025-10-25T21:58:34.685Z] Server is running on:

[2025-10-25T21:58:34.685Z]   Local:   http://localhost:3000
[2025-10-25T21:58:34.685Z]            http://127.0.0.1:3000

[2025-10-25T21:58:34.686Z]   Network: (for other devices on your network)

[2025-10-25T21:58:34.686Z]            http://172.22.0.2:3000
[2025-10-25T21:58:34.686Z] 

[2025-10-25T21:58:34.686Z] ========================================
[2025-10-25T21:58:34.686Z] 📱 Mobile & Tablet friendly!
[2025-10-25T21:58:34.686Z] 🌐 Share the Network URL with others
[2025-10-25T21:58:34.686Z] ❌ Press Ctrl+C to stop the server
[2025-10-25T21:58:34.686Z] ========================================

[2025-10-25T22:06:06.491Z] Cleared active lobbies on startup
[2025-10-25T22:06:06.501Z] 
========================================
[2025-10-25T22:06:06.501Z] 🎮 Reverse Ranking Game Server
[2025-10-25T22:06:06.501Z] ========================================

[2025-10-25T22:06:06.501Z] Server is running on:

[2025-10-25T22:06:06.501Z]   Local:   http://localhost:3000
[2025-10-25T22:06:06.502Z]            http://127.0.0.1:3000

[2025-10-25T22:06:06.502Z]   Network: (for other devices on your network)

[2025-10-25T22:06:06.502Z]            http://172.22.0.2:3000
[2025-10-25T22:06:06.502Z] 

[2025-10-25T22:06:06.503Z] ========================================
[2025-10-25T22:06:06.503Z] 📱 Mobile & Tablet friendly!
[2025-10-25T22:06:06.503Z] 🌐 Share the Network URL with others
[2025-10-25T22:06:06.503Z] ❌ Press Ctrl+C to stop the server
[2025-10-25T22:06:06.503Z] ========================================

[2025-10-25T22:09:05.767Z] Cleared active lobbies on startup
[2025-10-25T22:09:05.777Z] 
========================================
[2025-10-25T22:09:05.777Z] 🎮 Reverse Ranking Game Server
[2025-10-25T22:09:05.777Z] ========================================

[2025-10-25T22:09:05.777Z] Server is running on:

[2025-10-25T22:09:05.777Z]   Local:   http://localhost:3000
[2025-10-25T22:09:05.777Z]            http://127.0.0.1:3000

[2025-10-25T22:09:05.778Z]   Network: (for other devices on your network)

[2025-10-25T22:09:05.778Z]            http://172.22.0.2:3000
[2025-10-25T22:09:05.778Z] 

[2025-10-25T22:09:05.778Z] ========================================
[2025-10-25T22:09:05.778Z] 📱 Mobile & Tablet friendly!
[2025-10-25T22:09:05.778Z] 🌐 Share the Network URL with others
[2025-10-25T22:09:05.778Z] ❌ Press Ctrl+C to stop the server
[2025-10-25T22:09:05.778Z] ========================================

[2025-10-25T22:18:41.907Z] Cleared active lobbies on startup
[2025-10-25T22:18:41.917Z] 
========================================
[2025-10-25T22:18:41.917Z] 🎮 Reverse Ranking Game Server
[2025-10-25T22:18:41.917Z] ========================================

[2025-10-25T22:18:41.917Z] Server is running on:

[2025-10-25T22:18:41.917Z]   Local:   http://localhost:3000
[2025-10-25T22:18:41.917Z]            http://127.0.0.1:3000

[2025-10-25T22:18:41.918Z]   Network: (for other devices on your network)

[2025-10-25T22:18:41.918Z]            http://172.22.0.2:3000
[2025-10-25T22:18:41.918Z] 

[2025-10-25T22:18:41.918Z] ========================================
[2025-10-25T22:18:41.918Z] 📱 Mobile & Tablet friendly!
[2025-10-25T22:18:41.918Z] 🌐 Share the Network URL with others
[2025-10-25T22:18:41.918Z] ❌ Press Ctrl+C to stop the server
[2025-10-25T22:18:41.918Z] ========================================

[2025-10-25T22:19:38.585Z] Cleared active lobbies on startup
[2025-10-25T22:19:38.595Z] 
========================================
[2025-10-25T22:19:38.595Z] 🎮 Reverse Ranking Game Server
[2025-10-25T22:19:38.595Z] ========================================

[2025-10-25T22:19:38.595Z] Server is running on:

[2025-10-25T22:19:38.595Z]   Local:   http://localhost:3000
[2025-10-25T22:19:38.595Z]            http://127.0.0.1:3000

[2025-10-25T22:19:38.596Z]   Network: (for other devices on your network)

[2025-10-25T22:19:38.596Z]            http://172.22.0.2:3000
[2025-10-25T22:19:38.596Z] 

[2025-10-25T22:19:38.596Z] ========================================
[2025-10-25T22:19:38.597Z] 📱 Mobile & Tablet friendly!
[2025-10-25T22:19:38.597Z] 🌐 Share the Network URL with others
[2025-10-25T22:19:38.597Z] ❌ Press Ctrl+C to stop the server
[2025-10-25T22:19:38.597Z] ========================================

[2025-10-25T23:52:30.349Z] Cleared active lobbies on startup
[2025-10-25T23:52:30.359Z] 
========================================
[2025-10-25T23:52:30.360Z] 🎮 Reverse Ranking Game Server
[2025-10-25T23:52:30.360Z] ========================================

[2025-10-25T23:52:30.360Z] Server is running on:

[2025-10-25T23:52:30.360Z]   Local:   http://localhost:3000
[2025-10-25T23:52:30.360Z]            http://127.0.0.1:3000

[2025-10-25T23:52:30.360Z]   Network: (for other devices on your network)

[2025-10-25T23:52:30.361Z]            http://172.22.0.2:3000
[2025-10-25T23:52:30.361Z] 

[2025-10-25T23:52:30.361Z] ========================================
[2025-10-25T23:52:30.361Z] 📱 Mobile & Tablet friendly!
[2025-10-25T23:52:30.361Z] 🌐 Share the Network URL with others
[2025-10-25T23:52:30.361Z] ❌ Press Ctrl+C to stop the server
[2025-10-25T23:52:30.361Z] ========================================

[2025-10-25T23:52:52.124Z] Cleared active lobbies on startup
[2025-10-25T23:52:52.134Z] 
========================================
[2025-10-25T23:52:52.134Z] 🎮 Reverse Ranking Game Server
[2025-10-25T23:52:52.134Z] ========================================

[2025-10-25T23:52:52.134Z] Server is running on:

[2025-10-25T23:52:52.134Z]   Local:   http://localhost:3000
[2025-10-25T23:52:52.134Z]            http://127.0.0.1:3000

[2025-10-25T23:52:52.135Z]   Network: (for other devices on your network)

[2025-10-25T23:52:52.135Z]            http://172.22.0.2:3000
[2025-10-25T23:52:52.135Z] 

[2025-10-25T23:52:52.135Z] ========================================
[2025-10-25T23:52:52.135Z] 📱 Mobile & Tablet friendly!
[2025-10-25T23:52:52.135Z] 🌐 Share the Network URL with others
[2025-10-25T23:52:52.135Z] ❌ Press Ctrl+C to stop the server
[2025-10-25T23:52:52.135Z] ========================================

[2025-10-26T21:30:18.605Z] Cleared active lobbies on startup
[2025-10-26T21:30:18.615Z] 
========================================
[2025-10-26T21:30:18.615Z] 🎮 Reverse Ranking Game Server
[2025-10-26T21:30:18.615Z] ========================================

[2025-10-26T21:30:18.615Z] Server is running on:

[2025-10-26T21:30:18.615Z]   Local:   http://localhost:3000
[2025-10-26T21:30:18.615Z]            http://127.0.0.1:3000

[2025-10-26T21:30:18.616Z]   Network: (for other devices on your network)

[2025-10-26T21:30:18.616Z]            http://172.22.0.2:3000
[2025-10-26T21:30:18.617Z] 

[2025-10-26T21:30:18.617Z] ========================================
[2025-10-26T21:30:18.617Z] 📱 Mobile & Tablet friendly!
[2025-10-26T21:30:18.617Z] 🌐 Share the Network URL with others
[2025-10-26T21:30:18.617Z] ❌ Press Ctrl+C to stop the server
[2025-10-26T21:30:18.617Z] ========================================

[2025-10-26T21:40:37.825Z] Cleared active lobbies on startup
[2025-10-26T21:40:37.835Z] 
========================================
[2025-10-26T21:40:37.836Z] 🎮 Reverse Ranking Game Server
[2025-10-26T21:40:37.836Z] ========================================

[2025-10-26T21:40:37.836Z] Server is running on:

[2025-10-26T21:40:37.836Z]   Local:   http://localhost:3000
[2025-10-26T21:40:37.836Z]            http://127.0.0.1:3000

[2025-10-26T21:40:37.836Z]   Network: (for other devices on your network)

[2025-10-26T21:40:37.837Z]            http://172.22.0.2:3000
[2025-10-26T21:40:37.837Z] 

[2025-10-26T21:40:37.837Z] ========================================
[2025-10-26T21:40:37.837Z] 📱 Mobile & Tablet friendly!
[2025-10-26T21:40:37.837Z] 🌐 Share the Network URL with others
[2025-10-26T21:40:37.837Z] ❌ Press Ctrl+C to stop the server
[2025-10-26T21:40:37.837Z] ========================================

[2025-10-27T02:51:15.750Z] Cleared active lobbies on startup
[2025-10-27T02:51:15.761Z] 
========================================
[2025-10-27T02:51:15.761Z] 🎮 Reverse Ranking Game Server
[2025-10-27T02:51:15.761Z] ========================================

[2025-10-27T02:51:15.761Z] Server is running on:

[2025-10-27T02:51:15.761Z]   Local:   http://localhost:3000
[2025-10-27T02:51:15.761Z]            http://127.0.0.1:3000

[2025-10-27T02:51:15.762Z]   Network: (for other devices on your network)

[2025-10-27T02:51:15.762Z]            http://172.22.0.2:3000
[2025-10-27T02:51:15.762Z] 

[2025-10-27T02:51:15.762Z] ========================================
[2025-10-27T02:51:15.762Z] 📱 Mobile & Tablet friendly!
[2025-10-27T02:51:15.762Z] 🌐 Share the Network URL with others
[2025-10-27T02:51:15.762Z] ❌ Press Ctrl+C to stop the server
[2025-10-27T02:51:15.762Z] ========================================

[2025-10-27T22:58:57.007Z] Cleared active lobbies on startup
[2025-10-27T22:58:57.017Z] 
========================================
[2025-10-27T22:58:57.018Z] 🎮 Reverse Ranking Game Server
[2025-10-27T22:58:57.018Z] ========================================

[2025-10-27T22:58:57.018Z] Server is running on:

[2025-10-27T22:58:57.018Z]   Local:   http://localhost:3000
[2025-10-27T22:58:57.018Z]            http://127.0.0.1:3000

[2025-10-27T22:58:57.018Z]   Network: (for other devices on your network)

[2025-10-27T22:58:57.019Z]            http://172.23.0.2:3000
[2025-10-27T22:58:57.019Z] 

[2025-10-27T22:58:57.019Z] ========================================
[2025-10-27T22:58:57.019Z] 📱 Mobile & Tablet friendly!
[2025-10-27T22:58:57.019Z] 🌐 Share the Network URL with others
[2025-10-27T22:58:57.019Z] ❌ Press Ctrl+C to stop the server
[2025-10-27T22:58:57.019Z] ========================================

[2025-10-27T23:30:11.815Z] Cleared active lobbies on startup
[2025-10-27T23:30:11.825Z] 
========================================
[2025-10-27T23:30:11.825Z] 🎮 Reverse Ranking Game Server
[2025-10-27T23:30:11.825Z] ========================================

[2025-10-27T23:30:11.825Z] Server is running on:

[2025-10-27T23:30:11.825Z]   Local:   http://localhost:3000
[2025-10-27T23:30:11.825Z]            http://127.0.0.1:3000

[2025-10-27T23:30:11.826Z]   Network: (for other devices on your network)

[2025-10-27T23:30:11.826Z]            http://172.23.0.2:3000
[2025-10-27T23:30:11.826Z] 

[2025-10-27T23:30:11.826Z] ========================================
[2025-10-27T23:30:11.826Z] 📱 Mobile & Tablet friendly!
[2025-10-27T23:30:11.826Z] 🌐 Share the Network URL with others
[2025-10-27T23:30:11.826Z] ❌ Press Ctrl+C to stop the server
[2025-10-27T23:30:11.826Z] ========================================

[2025-10-27T23:31:46.445Z] Cleared active lobbies on startup
[2025-10-27T23:31:46.455Z] 
========================================
[2025-10-27T23:31:46.455Z] 🎮 Reverse Ranking Game Server
[2025-10-27T23:31:46.455Z] ========================================

[2025-10-27T23:31:46.455Z] Server is running on:

[2025-10-27T23:31:46.455Z]   Local:   http://localhost:3000
[2025-10-27T23:31:46.455Z]            http://127.0.0.1:3000

[2025-10-27T23:31:46.456Z]   Network: (for other devices on your network)

[2025-10-27T23:31:46.456Z]            http://172.23.0.2:3000
[2025-10-27T23:31:46.456Z] 

[2025-10-27T23:31:46.456Z] ========================================
[2025-10-27T23:31:46.456Z] 📱 Mobile & Tablet friendly!
[2025-10-27T23:31:46.456Z] 🌐 Share the Network URL with others
[2025-10-27T23:31:46.456Z] ❌ Press Ctrl+C to stop the server
[2025-10-27T23:31:46.456Z] ========================================

[2025-10-27T23:33:04.127Z] Cleared active lobbies on startup
[2025-10-27T23:33:04.140Z] 
========================================
[2025-10-27T23:33:04.140Z] 🎮 Reverse Ranking Game Server
[2025-10-27T23:33:04.140Z] ========================================

[2025-10-27T23:33:04.140Z] Server is running on:

[2025-10-27T23:33:04.140Z]   Local:   http://localhost:3000
[2025-10-27T23:33:04.140Z]            http://127.0.0.1:3000

[2025-10-27T23:33:04.141Z]   Network: (for other devices on your network)

[2025-10-27T23:33:04.141Z]            http://172.23.0.2:3000
[2025-10-27T23:33:04.141Z] 

[2025-10-27T23:33:04.141Z] ========================================
[2025-10-27T23:33:04.141Z] 📱 Mobile & Tablet friendly!
[2025-10-27T23:33:04.141Z] 🌐 Share the Network URL with others
[2025-10-27T23:33:04.141Z] ❌ Press Ctrl+C to stop the server
[2025-10-27T23:33:04.141Z] ========================================

[2025-10-27T23:41:32.907Z] Cleared active lobbies on startup
[2025-10-27T23:41:32.917Z] 
========================================
[2025-10-27T23:41:32.918Z] 🎮 Reverse Ranking Game Server
[2025-10-27T23:41:32.918Z] ========================================

[2025-10-27T23:41:32.918Z] Server is running on:

[2025-10-27T23:41:32.918Z]   Local:   http://localhost:3000
[2025-10-27T23:41:32.918Z]            http://127.0.0.1:3000

[2025-10-27T23:41:32.918Z]   Network: (for other devices on your network)

[2025-10-27T23:41:32.918Z]            http://172.23.0.2:3000
[2025-10-27T23:41:32.919Z] 

[2025-10-27T23:41:32.919Z] ========================================
[2025-10-27T23:41:32.919Z] 📱 Mobile & Tablet friendly!
[2025-10-27T23:41:32.919Z] 🌐 Share the Network URL with others
[2025-10-27T23:41:32.919Z] ❌ Press Ctrl+C to stop the server
[2025-10-27T23:41:32.919Z] ========================================

[2025-10-27T23:42:17.905Z] Cleared active lobbies on startup
[2025-10-27T23:42:17.915Z] 
========================================
[2025-10-27T23:42:17.915Z] 🎮 Reverse Ranking Game Server
[2025-10-27T23:42:17.915Z] ========================================

[2025-10-27T23:42:17.915Z] Server is running on:

[2025-10-27T23:42:17.915Z]   Local:   http://localhost:3000
[2025-10-27T23:42:17.915Z]            http://127.0.0.1:3000

[2025-10-27T23:42:17.916Z]   Network: (for other devices on your network)

[2025-10-27T23:42:17.916Z]            http://172.23.0.2:3000
[2025-10-27T23:42:17.916Z] 

[2025-10-27T23:42:17.916Z] ========================================
[2025-10-27T23:42:17.916Z] 📱 Mobile & Tablet friendly!
[2025-10-27T23:42:17.916Z] 🌐 Share the Network URL with others
[2025-10-27T23:42:17.916Z] ❌ Press Ctrl+C to stop the server
[2025-10-27T23:42:17.916Z] ========================================

[2025-10-27T23:58:02.459Z] Cleared active lobbies on startup
[2025-10-27T23:58:02.469Z] 
========================================
[2025-10-27T23:58:02.469Z] 🎮 Reverse Ranking Game Server
[2025-10-27T23:58:02.469Z] ========================================

[2025-10-27T23:58:02.469Z] Server is running on:

[2025-10-27T23:58:02.469Z]   Local:   http://localhost:3000
[2025-10-27T23:58:02.469Z]            http://127.0.0.1:3000

[2025-10-27T23:58:02.470Z]   Network: (for other devices on your network)

[2025-10-27T23:58:02.470Z]            http://172.24.0.2:3000
[2025-10-27T23:58:02.470Z] 

[2025-10-27T23:58:02.470Z] ========================================
[2025-10-27T23:58:02.471Z] 📱 Mobile & Tablet friendly!
[2025-10-27T23:58:02.471Z] 🌐 Share the Network URL with others
[2025-10-27T23:58:02.471Z] ❌ Press Ctrl+C to stop the server
[2025-10-27T23:58:02.471Z] ========================================

[2025-10-28T00:00:23.363Z] Cleared active lobbies on startup
[2025-10-28T00:00:23.373Z] 
========================================
[2025-10-28T00:00:23.373Z] 🎮 Reverse Ranking Game Server
[2025-10-28T00:00:23.373Z] ========================================

[2025-10-28T00:00:23.373Z] Server is running on:

[2025-10-28T00:00:23.373Z]   Local:   http://localhost:3000
[2025-10-28T00:00:23.373Z]            http://127.0.0.1:3000

[2025-10-28T00:00:23.374Z]   Network: (for other devices on your network)

[2025-10-28T00:00:23.374Z]            http://172.24.0.2:3000
[2025-10-28T00:00:23.375Z] 

[2025-10-28T00:00:23.375Z] ========================================
[2025-10-28T00:00:23.376Z] 📱 Mobile & Tablet friendly!
[2025-10-28T00:00:23.376Z] 🌐 Share the Network URL with others
[2025-10-28T00:00:23.376Z] ❌ Press Ctrl+C to stop the server
[2025-10-28T00:00:23.376Z] ========================================

[2025-10-28T00:03:14.131Z] Cleared active lobbies on startup
[2025-10-28T00:03:14.141Z] 
========================================
[2025-10-28T00:03:14.141Z] 🎮 Reverse Ranking Game Server
[2025-10-28T00:03:14.141Z] ========================================

[2025-10-28T00:03:14.141Z] Server is running on:

[2025-10-28T00:03:14.141Z]   Local:   http://localhost:3000
[2025-10-28T00:03:14.141Z]            http://127.0.0.1:3000

[2025-10-28T00:03:14.141Z]   Network: (for other devices on your network)

[2025-10-28T00:03:14.141Z]            http://172.24.0.2:3000
[2025-10-28T00:03:14.142Z] 

[2025-10-28T00:03:14.142Z] ========================================
[2025-10-28T00:03:14.142Z] 📱 Mobile & Tablet friendly!
[2025-10-28T00:03:14.142Z] 🌐 Share the Network URL with others
[2025-10-28T00:03:14.142Z] ❌ Press Ctrl+C to stop the server
[2025-10-28T00:03:14.142Z] ========================================

[2025-10-28T00:03:47.534Z] Cleared active lobbies on startup
[2025-10-28T00:03:47.548Z] 
========================================
[2025-10-28T00:03:47.548Z] 🎮 Reverse Ranking Game Server
[2025-10-28T00:03:47.548Z] ========================================

[2025-10-28T00:03:47.548Z] Server is running on:

[2025-10-28T00:03:47.548Z]   Local:   http://localhost:3000
[2025-10-28T00:03:47.548Z]            http://127.0.0.1:3000

[2025-10-28T00:03:47.549Z]   Network: (for other devices on your network)

[2025-10-28T00:03:47.549Z]            http://172.24.0.2:3000
[2025-10-28T00:03:47.549Z] 

[2025-10-28T00:03:47.549Z] ========================================
[2025-10-28T00:03:47.549Z] 📱 Mobile & Tablet friendly!
[2025-10-28T00:03:47.549Z] 🌐 Share the Network URL with others
[2025-10-28T00:03:47.549Z] ❌ Press Ctrl+C to stop the server
[2025-10-28T00:03:47.549Z] ========================================

[2025-10-28T00:11:17.714Z] Cleared active lobbies on startup
[2025-10-28T00:11:17.726Z] 
========================================
[2025-10-28T00:11:17.726Z] 🎮 Reverse Ranking Game Server
[2025-10-28T00:11:17.726Z] ========================================

[2025-10-28T00:11:17.726Z] Server is running on:

[2025-10-28T00:11:17.726Z]   Local:   http://localhost:3000
[2025-10-28T00:11:17.726Z]            http://127.0.0.1:3000

[2025-10-28T00:11:17.727Z]   Network: (for other devices on your network)

[2025-10-28T00:11:17.727Z]            http://172.24.0.2:3000
[2025-10-28T00:11:17.727Z] 

[2025-10-28T00:11:17.727Z] ========================================
[2025-10-28T00:11:17.727Z] 📱 Mobile & Tablet friendly!
[2025-10-28T00:11:17.727Z] 🌐 Share the Network URL with others
[2025-10-28T00:11:17.727Z] ❌ Press Ctrl+C to stop the server
[2025-10-28T00:11:17.727Z] ========================================

[2025-10-28T00:11:43.177Z] Cleared active lobbies on startup
[2025-10-28T00:11:43.187Z] 
========================================
[2025-10-28T00:11:43.187Z] 🎮 Reverse Ranking Game Server
[2025-10-28T00:11:43.187Z] ========================================

[2025-10-28T00:11:43.187Z] Server is running on:

[2025-10-28T00:11:43.187Z]   Local:   http://localhost:3000
[2025-10-28T00:11:43.187Z]            http://127.0.0.1:3000

[2025-10-28T00:11:43.188Z]   Network: (for other devices on your network)

[2025-10-28T00:11:43.188Z]            http://172.24.0.2:3000
[2025-10-28T00:11:43.188Z] 

[2025-10-28T00:11:43.188Z] ========================================
[2025-10-28T00:11:43.188Z] 📱 Mobile & Tablet friendly!
[2025-10-28T00:11:43.188Z] 🌐 Share the Network URL with others
[2025-10-28T00:11:43.188Z] ❌ Press Ctrl+C to stop the server
[2025-10-28T00:11:43.188Z] ========================================

[2025-10-28T01:25:47.655Z] Cleared active lobbies on startup
[2025-10-28T01:25:47.668Z] 
========================================
[2025-10-28T01:25:47.668Z] 🎮 Reverse Ranking Game Server
[2025-10-28T01:25:47.668Z] ========================================

[2025-10-28T01:25:47.668Z] Server is running on:

[2025-10-28T01:25:47.668Z]   Local:   http://localhost:3000
[2025-10-28T01:25:47.668Z]            http://127.0.0.1:3000

[2025-10-28T01:25:47.669Z]   Network: (for other devices on your network)

[2025-10-28T01:25:47.669Z]            http://172.24.0.2:3000
[2025-10-28T01:25:47.669Z] 

[2025-10-28T01:25:47.669Z] ========================================
[2025-10-28T01:25:47.669Z] 📱 Mobile & Tablet friendly!
[2025-10-28T01:25:47.669Z] 🌐 Share the Network URL with others
[2025-10-28T01:25:47.669Z] ❌ Press Ctrl+C to stop the server
[2025-10-28T01:25:47.670Z] ========================================

[2025-10-28T01:29:35.139Z] Cleared active lobbies on startup
[2025-10-28T01:29:35.149Z] 
========================================
[2025-10-28T01:29:35.149Z] 🎮 Reverse Ranking Game Server
[2025-10-28T01:29:35.149Z] ========================================

[2025-10-28T01:29:35.149Z] Server is running on:

[2025-10-28T01:29:35.149Z]   Local:   http://localhost:3000
[2025-10-28T01:29:35.149Z]            http://127.0.0.1:3000

[2025-10-28T01:29:35.150Z]   Network: (for other devices on your network)

[2025-10-28T01:29:35.151Z]            http://172.24.0.2:3000
[2025-10-28T01:29:35.151Z] 

[2025-10-28T01:29:35.151Z] ========================================
[2025-10-28T01:29:35.151Z] 📱 Mobile & Tablet friendly!
[2025-10-28T01:29:35.151Z] 🌐 Share the Network URL with others
[2025-10-28T01:29:35.151Z] ❌ Press Ctrl+C to stop the server
[2025-10-28T01:29:35.152Z] ========================================

[2025-10-28T01:33:30.591Z] Cleared active lobbies on startup
[2025-10-28T01:33:30.601Z] 
========================================
[2025-10-28T01:33:30.601Z] 🎮 Reverse Ranking Game Server
[2025-10-28T01:33:30.602Z] ========================================

[2025-10-28T01:33:30.602Z] Server is running on:

[2025-10-28T01:33:30.602Z]   Local:   http://localhost:3000
[2025-10-28T01:33:30.602Z]            http://127.0.0.1:3000

[2025-10-28T01:33:30.602Z]   Network: (for other devices on your network)

[2025-10-28T01:33:30.603Z]            http://172.24.0.2:3000
[2025-10-28T01:33:30.603Z] 

[2025-10-28T01:33:30.603Z] ========================================
[2025-10-28T01:33:30.603Z] 📱 Mobile & Tablet friendly!
[2025-10-28T01:33:30.603Z] 🌐 Share the Network URL with others
[2025-10-28T01:33:30.603Z] ❌ Press Ctrl+C to stop the server
[2025-10-28T01:33:30.603Z] ========================================

[2025-10-28T01:36:09.444Z] Cleared active lobbies on startup
[2025-10-28T01:36:09.454Z] 
========================================
[2025-10-28T01:36:09.454Z] 🎮 Reverse Ranking Game Server
[2025-10-28T01:36:09.454Z] ========================================

[2025-10-28T01:36:09.454Z] Server is running on:

[2025-10-28T01:36:09.454Z]   Local:   http://localhost:3000
[2025-10-28T01:36:09.454Z]            http://127.0.0.1:3000

[2025-10-28T01:36:09.455Z]   Network: (for other devices on your network)

[2025-10-28T01:36:09.455Z]            http://172.24.0.2:3000
[2025-10-28T01:36:09.455Z] 

[2025-10-28T01:36:09.455Z] ========================================
[2025-10-28T01:36:09.455Z] 📱 Mobile & Tablet friendly!
[2025-10-28T01:36:09.455Z] 🌐 Share the Network URL with others
[2025-10-28T01:36:09.455Z] ❌ Press Ctrl+C to stop the server
[2025-10-28T01:36:09.455Z] ========================================

[2025-10-28T02:56:21.313Z] Cleared active lobbies on startup
[2025-10-28T02:56:21.324Z] 
========================================
[2025-10-28T02:56:21.324Z] 🎮 Reverse Ranking Game Server
[2025-10-28T02:56:21.324Z] ========================================

[2025-10-28T02:56:21.324Z] Server is running on:

[2025-10-28T02:56:21.324Z]   Local:   http://localhost:3000
[2025-10-28T02:56:21.324Z]            http://127.0.0.1:3000

[2025-10-28T02:56:21.325Z]   Network: (for other devices on your network)

[2025-10-28T02:56:21.325Z]            http://172.24.0.2:3000
[2025-10-28T02:56:21.325Z] 

[2025-10-28T02:56:21.325Z] ========================================
[2025-10-28T02:56:21.325Z] 📱 Mobile & Tablet friendly!
[2025-10-28T02:56:21.325Z] 🌐 Share the Network URL with others
[2025-10-28T02:56:21.325Z] ❌ Press Ctrl+C to stop the server
[2025-10-28T02:56:21.325Z] ========================================

[2025-10-28T02:58:31.624Z] Cleared active lobbies on startup
[2025-10-28T02:58:31.635Z] 
========================================
[2025-10-28T02:58:31.635Z] 🎮 Reverse Ranking Game Server
[2025-10-28T02:58:31.635Z] ========================================

[2025-10-28T02:58:31.635Z] Server is running on:

[2025-10-28T02:58:31.635Z]   Local:   http://localhost:3000
[2025-10-28T02:58:31.635Z]            http://127.0.0.1:3000

[2025-10-28T02:58:31.636Z]   Network: (for other devices on your network)

[2025-10-28T02:58:31.636Z]            http://172.24.0.2:3000
[2025-10-28T02:58:31.636Z] 

[2025-10-28T02:58:31.636Z] ========================================
[2025-10-28T02:58:31.636Z] 📱 Mobile & Tablet friendly!
[2025-10-28T02:58:31.636Z] 🌐 Share the Network URL with others
[2025-10-28T02:58:31.636Z] ❌ Press Ctrl+C to stop the server
[2025-10-28T02:58:31.636Z] ========================================

[2025-10-28T11:27:09.987Z] Cleared active lobbies on startup
[2025-10-28T11:27:09.998Z] 
========================================
[2025-10-28T11:27:09.998Z] 🎮 Reverse Ranking Game Server
[2025-10-28T11:27:09.998Z] ========================================

[2025-10-28T11:27:09.998Z] Server is running on:

[2025-10-28T11:27:09.998Z]   Local:   http://localhost:3000
[2025-10-28T11:27:09.998Z]            http://127.0.0.1:3000

[2025-10-28T11:27:09.999Z]   Network: (for other devices on your network)

[2025-10-28T11:27:09.999Z]            http://172.24.0.2:3000
[2025-10-28T11:27:09.999Z] 

[2025-10-28T11:27:09.999Z] ========================================
[2025-10-28T11:27:09.999Z] 📱 Mobile & Tablet friendly!
[2025-10-28T11:27:09.999Z] 🌐 Share the Network URL with others
[2025-10-28T11:27:09.999Z] ❌ Press Ctrl+C to stop the server
[2025-10-28T11:27:09.999Z] ========================================

